// Vitest Snapshot v1

exports[`should output short date for Baidu 1`] = `"<?xml version=\\"1.0\\" encoding=\\"UTF-8\\"?><urlset xmlns=\\"http://www.sitemaps.org/schemas/sitemap/0.9\\" xmlns:news=\\"http://www.google.com/schemas/sitemap-news/0.9\\" xmlns:xhtml=\\"http://www.w3.org/1999/xhtml\\" xmlns:image=\\"http://www.google.com/schemas/sitemap-image/1.1\\" xmlns:video=\\"http://www.google.com/schemas/sitemap-video/1.1\\"><url><loc>https://blog.kaciras.com/article/0/test-0</loc><lastmod>2019-10-30</lastmod><changefreq>monthly</changefreq><priority>1.0</priority></url><url><loc>https://blog.kaciras.com/article/123/test-1</loc><lastmod>2019-10-30</lastmod><changefreq>monthly</changefreq><priority>1.0</priority></url></urlset>"`;

exports[`should recognize Baidu spider by User-Agent 1`] = `"<?xml version=\\"1.0\\" encoding=\\"UTF-8\\"?><urlset xmlns=\\"http://www.sitemaps.org/schemas/sitemap/0.9\\" xmlns:news=\\"http://www.google.com/schemas/sitemap-news/0.9\\" xmlns:xhtml=\\"http://www.w3.org/1999/xhtml\\" xmlns:image=\\"http://www.google.com/schemas/sitemap-image/1.1\\" xmlns:video=\\"http://www.google.com/schemas/sitemap-video/1.1\\"><url><loc>https://blog.kaciras.com/article/0/test-0</loc><lastmod>2019-10-30</lastmod><changefreq>monthly</changefreq><priority>1.0</priority></url><url><loc>https://blog.kaciras.com/article/123/test-1</loc><lastmod>2019-10-30</lastmod><changefreq>monthly</changefreq><priority>1.0</priority></url></urlset>"`;

exports[`should recognize Baidu spider by User-Agent 2`] = `"<?xml version=\\"1.0\\" encoding=\\"UTF-8\\"?><urlset xmlns=\\"http://www.sitemaps.org/schemas/sitemap/0.9\\" xmlns:news=\\"http://www.google.com/schemas/sitemap-news/0.9\\" xmlns:xhtml=\\"http://www.w3.org/1999/xhtml\\" xmlns:image=\\"http://www.google.com/schemas/sitemap-image/1.1\\" xmlns:video=\\"http://www.google.com/schemas/sitemap-video/1.1\\"><url><loc>https://blog.kaciras.com/article/0/test-0</loc><lastmod>2019-10-30</lastmod><changefreq>monthly</changefreq><priority>1.0</priority></url><url><loc>https://blog.kaciras.com/article/123/test-1</loc><lastmod>2019-10-30</lastmod><changefreq>monthly</changefreq><priority>1.0</priority></url></urlset>"`;

exports[`should response sitemap xml 1`] = `"<?xml version=\\"1.0\\" encoding=\\"UTF-8\\"?><urlset xmlns=\\"http://www.sitemaps.org/schemas/sitemap/0.9\\" xmlns:news=\\"http://www.google.com/schemas/sitemap-news/0.9\\" xmlns:xhtml=\\"http://www.w3.org/1999/xhtml\\" xmlns:image=\\"http://www.google.com/schemas/sitemap-image/1.1\\" xmlns:video=\\"http://www.google.com/schemas/sitemap-video/1.1\\"><url><loc>https://blog.kaciras.com/article/0/test-0</loc><lastmod>2019-10-30T14:34:49.218Z</lastmod><changefreq>monthly</changefreq><priority>1.0</priority></url><url><loc>https://blog.kaciras.com/article/123/test-1</loc><lastmod>2019-10-30T14:34:49.218Z</lastmod><changefreq>monthly</changefreq><priority>1.0</priority></url></urlset>"`;
