// Vitest Snapshot v1

exports[`should extract styles 1`] = `"<template><svg xmlns=\\"http://www.w3.org/2000/svg\\" height=\\"1em\\" width=\\"1em\\"><path style=\\"color:#00f\\" d=\\"M0 0h10v10H0z\\"/></svg></template><style scoped>.st0{width:100px}</style>"`;

exports[`should work with @vitejs/plugin-vue 1`] = `"<svg xmlns=\\"http://www.w3.org/2000/svg\\" height=\\"1em\\" width=\\"4396\\" data-v-cba9d7ae><path style=\\"color:#00f;\\" d=\\"M0 0h10v10H0z\\" data-v-cba9d7ae></path></svg>"`;
